PARSE ERROR: Argument: -b AND -a provided.
             Only one is allowed.

Brief USAGE: 
   ../examples/test20  {-a|-b} [--] [--version] [-h]

For complete USAGE and HELP type: 
   ../examples/test20 --help

