PARSE ERROR: Argument: -a AND -b provided.
             Only one is allowed.

Brief USAGE: 
   ../examples/test20  {-a|-b} [--version] [-h]

For complete USAGE and HELP type: 
   ../examples/test20 --help

