PARSE ERROR:  
             Required argument missing: name

Brief USAGE: 
   ../examples/test1  [-hr] [--version] -n <string>

For complete USAGE and HELP type: 
   ../examples/test1 --help

