PARSE ERROR: Argument: -n (--name)
             Value 'mike' does not meet constraint: homer|marge|bart|lisa|maggie

Brief USAGE: 
   ../examples/test6  [-h] [--version] -n <homer|marge|bart|lisa|maggie>
                      times

For complete USAGE and HELP type: 
   ../examples/test6 --help

