PARSE ERROR: Argument: -i (--intTest)
             Argument already set!

Brief USAGE: 
   ../examples/test2  [-ABCh] [--version] [-f <float>] -i <int> -s <string>
                      unTest [fileName ...]

For complete USAGE and HELP type: 
   ../examples/test2 --help

