PARSE ERROR: Argument: -b AND -s provided.
             Only one is allowed.

Brief USAGE: 
   ../examples/test32  [-h] [--version] {-a <int>|-b <int>|-s <str>}

For complete USAGE and HELP type: 
   ../examples/test32 --help

