PARSE ERROR: Argument: -i (--intTest)
             Couldn't read argument value from string '9a'

Brief USAGE: 
   ../examples/test8  [-Bh] [--version] [-f=<float> ...] [-i=<int> ...]
                      -s=<string> unTest1 unTest2 [fileName ...]

For complete USAGE and HELP type: 
   ../examples/test8 --help

