PARSE ERROR:  
             Required argument missing: name

Brief USAGE: 
   ../examples/test22  [-hr] [--version] -n <string>

For complete USAGE and HELP type: 
   ../examples/test22 --help

