PARSE ERROR: Argument: -f (--floatTest)
             More than one valid value parsed from string '1.0.0'

Brief USAGE: 
   ../examples/test3  [-Bh] [--version] [-f=<float> ...] [-i=<int> ...]
                      --stringTest=<string> unTest1 unTest2 [fileName ...]

For complete USAGE and HELP type: 
   ../examples/test3 --help

