PARSE ERROR: Argument: -f (--floatTest)
             More than one valid value parsed from string '4.0.2'

Brief USAGE: 
   ../examples/test2  [-ABCh] [--version] [-f float] -i int -s string
                      unTest [fileName ...]

For complete USAGE and HELP type: 
   ../examples/test2 --help

