PARSE ERROR: Argument: -a AND -b provided.
             Only one is allowed.

Brief USAGE: 
   ../examples/test29  [-a int|-b int|-s str] [--version] [-h]

For complete USAGE and HELP type: 
   ../examples/test29 --help

