PARSE ERROR: Argument: -f (--floatTest)
             Couldn't read argument value from string 'nine'

Brief USAGE: 
   ../examples/test2  [-ABCh] [--version] [-f <float>] -i <int> -s <string>
                      unTest [fileName ...]

For complete USAGE and HELP type: 
   ../examples/test2 --help

