PARSE ERROR: Argument: -a AND -b provided.
             Only one is allowed.

Brief USAGE: 
   ../examples/test20  [-h] [--version] {-a|-b}

For complete USAGE and HELP type: 
   ../examples/test20 --help

