PARSE ERROR: Argument: (--times)
             Value '6' does not meet constraint: 1|2|3

Brief USAGE: 
   ../examples/test6  [-h] [--version] -n <homer|marge|bart|lisa|maggie>
                      times

For complete USAGE and HELP type: 
   ../examples/test6 --help

