PARSE ERROR:  
             Required argument missing: vect

Brief USAGE: 
   ../examples/test12  [-h] [--version] -v <3D vector> ...

For complete USAGE and HELP type: 
   ../examples/test12 --help

