
USAGE: 

   ../examples/test42  [-a | -b] [-c [-de] [-n <int>]] [--] [--version]
                       [-h]
