
USAGE: 

   ../examples/test35  {-c <int>} [-a <int>] [--] [--version] [-h]


Where: 

   -c <int>,  --c_int <int>
     (OR required)  int arg


   -a <int>,  --a_int <int>
     int arg

   --,  --ignore_rest
     Ignores the rest of the labeled arguments following this flag.

   --version
     Displays version information and exits.

   -h,  --help
     Displays usage information and exits.


   

